// Vitest Snapshot v1, https://vitest.dev/guide/snapshot.html

exports[`App > renders Home 1`] = `
{
  "asFragment": [Function],
  "baseElement": <body>
    <div>
      <div
        class="home-container-outer"
      >
        <div
          class="home-container-inner"
        >
          <div
            class="home-title-container"
          >
            <h2
              class="home-title"
            >
              CarBnB
            </h2>
            <p
              class="home-description"
            >
              Please select a CarBnB Model
            </p>
          </div>
          <div
            class="swiper swiper-initialized swiper-horizontal"
          >
            <div
              class="swiper-wrapper"
              style="transition-duration: 0ms; transform: translate3d(NaNpx, 0px, 0px);"
            />
            <div
              class="swiper-button-prev"
            />
            <div
              class="swiper-button-next"
            />
          </div>
        </div>
      </div>
    </div>
  </body>,
  "container": <div>
    <div
      class="home-container-outer"
    >
      <div
        class="home-container-inner"
      >
        <div
          class="home-title-container"
        >
          <h2
            class="home-title"
          >
            CarBnB
          </h2>
          <p
            class="home-description"
          >
            Please select a CarBnB Model
          </p>
        </div>
        <div
          class="swiper swiper-initialized swiper-horizontal"
        >
          <div
            class="swiper-wrapper"
            style="transition-duration: 0ms; transform: translate3d(NaNpx, 0px, 0px);"
          />
          <div
            class="swiper-button-prev"
          />
          <div
            class="swiper-button-next"
          />
        </div>
      </div>
    </div>
  </div>,
  "debug": [Function],
  "findAllByAltText": [Function],
  "findAllByDisplayValue": [Function],
  "findAllByLabelText": [Function],
  "findAllByPlaceholderText": [Function],
  "findAllByRole": [Function],
  "findAllByTestId": [Function],
  "findAllByText": [Function],
  "findAllByTitle": [Function],
  "findByAltText": [Function],
  "findByDisplayValue": [Function],
  "findByLabelText": [Function],
  "findByPlaceholderText": [Function],
  "findByRole": [Function],
  "findByTestId": [Function],
  "findByText": [Function],
  "findByTitle": [Function],
  "getAllByAltText": [Function],
  "getAllByDisplayValue": [Function],
  "getAllByLabelText": [Function],
  "getAllByPlaceholderText": [Function],
  "getAllByRole": [Function],
  "getAllByTestId": [Function],
  "getAllByText": [Function],
  "getAllByTitle": [Function],
  "getByAltText": [Function],
  "getByDisplayValue": [Function],
  "getByLabelText": [Function],
  "getByPlaceholderText": [Function],
  "getByRole": [Function],
  "getByTestId": [Function],
  "getByText": [Function],
  "getByTitle": [Function],
  "queryAllByAltText": [Function],
  "queryAllByDisplayValue": [Function],
  "queryAllByLabelText": [Function],
  "queryAllByPlaceholderText": [Function],
  "queryAllByRole": [Function],
  "queryAllByTestId": [Function],
  "queryAllByText": [Function],
  "queryAllByTitle": [Function],
  "queryByAltText": [Function],
  "queryByDisplayValue": [Function],
  "queryByLabelText": [Function],
  "queryByPlaceholderText": [Function],
  "queryByRole": [Function],
  "queryByTestId": [Function],
  "queryByText": [Function],
  "queryByTitle": [Function],
  "rerender": [Function],
  "unmount": [Function],
}
`;
